  Determining projects to restore...
  All projects are up-to-date for restore.
  UniManage.Shared.Domain -> D:\Coding\dot_NET\UniManage\backend\src\01.Shared\UniManage.Shared.Domain\bin\Debug\net9.0\UniManage.Shared.Domain.dll
  UniManage.Shared.Resource -> D:\Coding\dot_NET\UniManage\backend\src\01.Shared\UniManage.Shared.Resource\bin\Debug\net9.0\UniManage.Shared.Resource.dll
  UniManage.Modules.HumanResource.Domain -> D:\Coding\dot_NET\UniManage\backend\src\02.Modules\HumanResource\UniManage.Modules.HumanResource.Domain\bin\Debug\net9.0\UniManage.Modules.HumanResource.Domain.dll
  UniManage.Modules.Inventory.Domain -> D:\Coding\dot_NET\UniManage\backend\src\02.Modules\Inventory\UniManage.Modules.Inventory.Domain\bin\Debug\net9.0\UniManage.Modules.Inventory.Domain.dll
  UniManage.Tools.CodeGen -> D:\Coding\dot_NET\UniManage\backend\src\04.Tools\UniManage.Tools.CodeGen\bin\Debug\net10.0\UniManage.Tools.CodeGen.dll
  UniManage.Modules.Workflow.Domain -> D:\Coding\dot_NET\UniManage\backend\src\02.Modules\Workflow\UniManage.Modules.Workflow.Domain\bin\Debug\net9.0\UniManage.Modules.Workflow.Domain.dll
  UniManage.Modules.System.Domain -> D:\Coding\dot_NET\UniManage\backend\src\02.Modules\System\UniManage.Modules.System.Domain\bin\Debug\net9.0\UniManage.Modules.System.Domain.dll
  UniManage.Modules.Master.Domain -> D:\Coding\dot_NET\UniManage\backend\src\02.Modules\Master\UniManage.Modules.Master.Domain\bin\Debug\net9.0\UniManage.Modules.Master.Domain.dll
  UniManage.Modules.Sales.Domain -> D:\Coding\dot_NET\UniManage\backend\src\02.Modules\Sales\UniManage.Modules.Sales.Domain\bin\Debug\net9.0\UniManage.Modules.Sales.Domain.dll
  UniManage.Shared.Application -> D:\Coding\dot_NET\UniManage\backend\src\01.Shared\UniManage.Shared.Application\bin\Debug\net9.0\UniManage.Shared.Application.dll
  UniManage.Shared.Infrastructure -> D:\Coding\dot_NET\UniManage\backend\src\01.Shared\UniManage.Shared.Infrastructure\bin\Debug\net9.0\UniManage.Shared.Infrastructure.dll
  UniManage.Modules.Sales.Application -> D:\Coding\dot_NET\UniManage\backend\src\02.Modules\Sales\UniManage.Modules.Sales.Application\bin\Debug\net9.0\UniManage.Modules.Sales.Application.dll
  UniManage.Modules.Workflow.Application -> D:\Coding\dot_NET\UniManage\backend\src\02.Modules\Workflow\UniManage.Modules.Workflow.Application\bin\Debug\net9.0\UniManage.Modules.Workflow.Application.dll
  UniManage.Modules.HumanResource.Infrastructure -> D:\Coding\dot_NET\UniManage\backend\src\02.Modules\HumanResource\UniManage.Modules.HumanResource.Infrastructure\bin\Debug\net9.0\UniManage.Modules.HumanResource.Infrastructure.dll
  UniManage.Modules.Inventory.Infrastructure -> D:\Coding\dot_NET\UniManage\backend\src\02.Modules\Inventory\UniManage.Modules.Inventory.Infrastructure\bin\Debug\net9.0\UniManage.Modules.Inventory.Infrastructure.dll
  UniManage.Modules.Workflow.Infrastructure -> D:\Coding\dot_NET\UniManage\backend\src\02.Modules\Workflow\UniManage.Modules.Workflow.Infrastructure\bin\Debug\net9.0\UniManage.Modules.Workflow.Infrastructure.dll
  UniManage.Modules.Sales.Infrastructure -> D:\Coding\dot_NET\UniManage\backend\src\02.Modules\Sales\UniManage.Modules.Sales.Infrastructure\bin\Debug\net9.0\UniManage.Modules.Sales.Infrastructure.dll
  UniManage.Modules.Master.Infrastructure -> D:\Coding\dot_NET\UniManage\backend\src\02.Modules\Master\UniManage.Modules.Master.Infrastructure\bin\Debug\net9.0\UniManage.Modules.Master.Infrastructure.dll
  UniManage.Modules.Master.Application -> D:\Coding\dot_NET\UniManage\backend\src\02.Modules\Master\UniManage.Modules.Master.Application\bin\Debug\net9.0\UniManage.Modules.Master.Application.dll
  UniManage.Modules.Inventory.Application -> D:\Coding\dot_NET\UniManage\backend\src\02.Modules\Inventory\UniManage.Modules.Inventory.Application\bin\Debug\net9.0\UniManage.Modules.Inventory.Application.dll
  UniManage.Modules.HumanResource.Application -> D:\Coding\dot_NET\UniManage\backend\src\02.Modules\HumanResource\UniManage.Modules.HumanResource.Application\bin\Debug\net9.0\UniManage.Modules.HumanResource.Application.dll
  UniManage.Modules.System.Infrastructure -> D:\Coding\dot_NET\UniManage\backend\src\02.Modules\System\UniManage.Modules.System.Infrastructure\bin\Debug\net9.0\UniManage.Modules.System.Infrastructure.dll
  UniManage.Worker -> D:\Coding\dot_NET\UniManage\backend\src\03.Apps\UniManage.Worker\bin\Debug\net9.0\UniManage.Worker.dll
  UniManage.Modules.System.Application -> D:\Coding\dot_NET\UniManage\backend\src\02.Modules\System\UniManage.Modules.System.Application\bin\Debug\net9.0\UniManage.Modules.System.Application.dll
  UniManage.IdentityServer -> D:\Coding\dot_NET\UniManage\backend\src\03.Apps\UniManage.IdentityServer\bin\Debug\net9.0\UniManage.IdentityServer.dll
D:\Coding\dot_NET\UniManage\backend\src\03.Apps\UniManage.WebApi\Controllers\HumanResource\DepartmentsController.cs(35,39): error CS0117: 'CoreFunction' does not contain a definition for 'MsOrganizationDepartment' [D:\Coding\dot_NET\UniManage\backend\src\03.Apps\UniManage.WebApi\UniManage.WebApi.csproj]
D:\Coding\dot_NET\UniManage\backend\src\03.Apps\UniManage.WebApi\Controllers\HumanResource\SalariesController.cs(30,43): error CS0117: 'CoreFunction' does not contain a definition for 'HrPayrollPayslip' [D:\Coding\dot_NET\UniManage\backend\src\03.Apps\UniManage.WebApi\UniManage.WebApi.csproj]
D:\Coding\dot_NET\UniManage\backend\src\03.Apps\UniManage.WebApi\Controllers\HumanResource\PositionsController.cs(35,39): error CS0117: 'CoreFunction' does not contain a definition for 'MsHumanResourcesPosition' [D:\Coding\dot_NET\UniManage\backend\src\03.Apps\UniManage.WebApi\UniManage.WebApi.csproj]
D:\Coding\dot_NET\UniManage\backend\src\03.Apps\UniManage.WebApi\Controllers\HumanResource\PositionsController.cs(52,39): error CS0117: 'CoreFunction' does not contain a definition for 'MsHumanResourcesPosition' [D:\Coding\dot_NET\UniManage\backend\src\03.Apps\UniManage.WebApi\UniManage.WebApi.csproj]
D:\Coding\dot_NET\UniManage\backend\src\03.Apps\UniManage.WebApi\Controllers\HumanResource\DepartmentsController.cs(52,39): error CS0117: 'CoreFunction' does not contain a definition for 'MsOrganizationDepartment' [D:\Coding\dot_NET\UniManage\backend\src\03.Apps\UniManage.WebApi\UniManage.WebApi.csproj]
D:\Coding\dot_NET\UniManage\backend\src\03.Apps\UniManage.WebApi\Controllers\HumanResource\SalariesController.cs(44,43): error CS0117: 'CoreFunction' does not contain a definition for 'HrPayrollPayslip' [D:\Coding\dot_NET\UniManage\backend\src\03.Apps\UniManage.WebApi\UniManage.WebApi.csproj]
D:\Coding\dot_NET\UniManage\backend\src\03.Apps\UniManage.WebApi\Controllers\HumanResource\PositionsController.cs(71,39): error CS0117: 'CoreFunction' does not contain a definition for 'MsHumanResourcesPosition' [D:\Coding\dot_NET\UniManage\backend\src\03.Apps\UniManage.WebApi\UniManage.WebApi.csproj]
D:\Coding\dot_NET\UniManage\backend\src\03.Apps\UniManage.WebApi\Controllers\HumanResource\DepartmentsController.cs(71,39): error CS0117: 'CoreFunction' does not contain a definition for 'MsOrganizationDepartment' [D:\Coding\dot_NET\UniManage\backend\src\03.Apps\UniManage.WebApi\UniManage.WebApi.csproj]
D:\Coding\dot_NET\UniManage\backend\src\03.Apps\UniManage.WebApi\Controllers\HumanResource\SalariesController.cs(58,43): error CS0117: 'CoreFunction' does not contain a definition for 'HrPayrollPayslip' [D:\Coding\dot_NET\UniManage\backend\src\03.Apps\UniManage.WebApi\UniManage.WebApi.csproj]
D:\Coding\dot_NET\UniManage\backend\src\03.Apps\UniManage.WebApi\Controllers\HumanResource\PositionsController.cs(87,39): error CS0117: 'CoreFunction' does not contain a definition for 'MsHumanResourcesPosition' [D:\Coding\dot_NET\UniManage\backend\src\03.Apps\UniManage.WebApi\UniManage.WebApi.csproj]
D:\Coding\dot_NET\UniManage\backend\src\03.Apps\UniManage.WebApi\Controllers\HumanResource\DepartmentsController.cs(87,39): error CS0117: 'CoreFunction' does not contain a definition for 'MsOrganizationDepartment' [D:\Coding\dot_NET\UniManage\backend\src\03.Apps\UniManage.WebApi\UniManage.WebApi.csproj]
D:\Coding\dot_NET\UniManage\backend\src\03.Apps\UniManage.WebApi\Controllers\HumanResource\SalariesController.cs(71,43): error CS0117: 'CoreFunction' does not contain a definition for 'HrPayrollPayslip' [D:\Coding\dot_NET\UniManage\backend\src\03.Apps\UniManage.WebApi\UniManage.WebApi.csproj]
D:\Coding\dot_NET\UniManage\backend\src\03.Apps\UniManage.WebApi\Controllers\HumanResource\PositionsController.cs(104,39): error CS0117: 'CoreFunction' does not contain a definition for 'MsHumanResourcesPosition' [D:\Coding\dot_NET\UniManage\backend\src\03.Apps\UniManage.WebApi\UniManage.WebApi.csproj]
D:\Coding\dot_NET\UniManage\backend\src\03.Apps\UniManage.WebApi\Controllers\HumanResource\DepartmentsController.cs(104,39): error CS0117: 'CoreFunction' does not contain a definition for 'MsOrganizationDepartment' [D:\Coding\dot_NET\UniManage\backend\src\03.Apps\UniManage.WebApi\UniManage.WebApi.csproj]
D:\Coding\dot_NET\UniManage\backend\src\03.Apps\UniManage.WebApi\Controllers\HumanResource\PositionsController.cs(122,39): error CS0117: 'CoreFunction' does not contain a definition for 'MsHumanResourcesPosition' [D:\Coding\dot_NET\UniManage\backend\src\03.Apps\UniManage.WebApi\UniManage.WebApi.csproj]
D:\Coding\dot_NET\UniManage\backend\src\03.Apps\UniManage.WebApi\Controllers\HumanResource\DepartmentsController.cs(122,39): error CS0117: 'CoreFunction' does not contain a definition for 'MsOrganizationDepartment' [D:\Coding\dot_NET\UniManage\backend\src\03.Apps\UniManage.WebApi\UniManage.WebApi.csproj]
D:\Coding\dot_NET\UniManage\backend\src\03.Apps\UniManage.WebApi\Controllers\HumanResource\SalariesController.cs(88,43): error CS0117: 'CoreFunction' does not contain a definition for 'HrPayrollPayslip' [D:\Coding\dot_NET\UniManage\backend\src\03.Apps\UniManage.WebApi\UniManage.WebApi.csproj]
D:\Coding\dot_NET\UniManage\backend\src\03.Apps\UniManage.WebApi\Controllers\Sales\OrdersController.cs(29,43): error CS0117: 'CoreFunction' does not contain a definition for 'SaSalesOrderSalesOrders' [D:\Coding\dot_NET\UniManage\backend\src\03.Apps\UniManage.WebApi\UniManage.WebApi.csproj]
D:\Coding\dot_NET\UniManage\backend\src\03.Apps\UniManage.WebApi\Controllers\Sales\OrdersController.cs(43,43): error CS0117: 'CoreFunction' does not contain a definition for 'SaSalesOrderSalesOrders' [D:\Coding\dot_NET\UniManage\backend\src\03.Apps\UniManage.WebApi\UniManage.WebApi.csproj]
D:\Coding\dot_NET\UniManage\backend\src\03.Apps\UniManage.WebApi\Controllers\Sales\OrdersController.cs(57,43): error CS0117: 'CoreFunction' does not contain a definition for 'SaSalesOrderSalesOrders' [D:\Coding\dot_NET\UniManage\backend\src\03.Apps\UniManage.WebApi\UniManage.WebApi.csproj]
D:\Coding\dot_NET\UniManage\backend\src\03.Apps\UniManage.WebApi\Controllers\Sales\OrdersController.cs(70,43): error CS0117: 'CoreFunction' does not contain a definition for 'SaSalesOrderSalesOrders' [D:\Coding\dot_NET\UniManage\backend\src\03.Apps\UniManage.WebApi\UniManage.WebApi.csproj]
D:\Coding\dot_NET\UniManage\backend\src\03.Apps\UniManage.WebApi\Controllers\Sales\OrdersController.cs(88,43): error CS0117: 'CoreFunction' does not contain a definition for 'SaSalesOrderSalesOrders' [D:\Coding\dot_NET\UniManage\backend\src\03.Apps\UniManage.WebApi\UniManage.WebApi.csproj]

Build FAILED.

D:\Coding\dot_NET\UniManage\backend\src\03.Apps\UniManage.WebApi\Controllers\HumanResource\DepartmentsController.cs(35,39): error CS0117: 'CoreFunction' does not contain a definition for 'MsOrganizationDepartment' [D:\Coding\dot_NET\UniManage\backend\src\03.Apps\UniManage.WebApi\UniManage.WebApi.csproj]
D:\Coding\dot_NET\UniManage\backend\src\03.Apps\UniManage.WebApi\Controllers\HumanResource\SalariesController.cs(30,43): error CS0117: 'CoreFunction' does not contain a definition for 'HrPayrollPayslip' [D:\Coding\dot_NET\UniManage\backend\src\03.Apps\UniManage.WebApi\UniManage.WebApi.csproj]
D:\Coding\dot_NET\UniManage\backend\src\03.Apps\UniManage.WebApi\Controllers\HumanResource\PositionsController.cs(35,39): error CS0117: 'CoreFunction' does not contain a definition for 'MsHumanResourcesPosition' [D:\Coding\dot_NET\UniManage\backend\src\03.Apps\UniManage.WebApi\UniManage.WebApi.csproj]
D:\Coding\dot_NET\UniManage\backend\src\03.Apps\UniManage.WebApi\Controllers\HumanResource\PositionsController.cs(52,39): error CS0117: 'CoreFunction' does not contain a definition for 'MsHumanResourcesPosition' [D:\Coding\dot_NET\UniManage\backend\src\03.Apps\UniManage.WebApi\UniManage.WebApi.csproj]
D:\Coding\dot_NET\UniManage\backend\src\03.Apps\UniManage.WebApi\Controllers\HumanResource\DepartmentsController.cs(52,39): error CS0117: 'CoreFunction' does not contain a definition for 'MsOrganizationDepartment' [D:\Coding\dot_NET\UniManage\backend\src\03.Apps\UniManage.WebApi\UniManage.WebApi.csproj]
D:\Coding\dot_NET\UniManage\backend\src\03.Apps\UniManage.WebApi\Controllers\HumanResource\SalariesController.cs(44,43): error CS0117: 'CoreFunction' does not contain a definition for 'HrPayrollPayslip' [D:\Coding\dot_NET\UniManage\backend\src\03.Apps\UniManage.WebApi\UniManage.WebApi.csproj]
D:\Coding\dot_NET\UniManage\backend\src\03.Apps\UniManage.WebApi\Controllers\HumanResource\PositionsController.cs(71,39): error CS0117: 'CoreFunction' does not contain a definition for 'MsHumanResourcesPosition' [D:\Coding\dot_NET\UniManage\backend\src\03.Apps\UniManage.WebApi\UniManage.WebApi.csproj]
D:\Coding\dot_NET\UniManage\backend\src\03.Apps\UniManage.WebApi\Controllers\HumanResource\DepartmentsController.cs(71,39): error CS0117: 'CoreFunction' does not contain a definition for 'MsOrganizationDepartment' [D:\Coding\dot_NET\UniManage\backend\src\03.Apps\UniManage.WebApi\UniManage.WebApi.csproj]
D:\Coding\dot_NET\UniManage\backend\src\03.Apps\UniManage.WebApi\Controllers\HumanResource\SalariesController.cs(58,43): error CS0117: 'CoreFunction' does not contain a definition for 'HrPayrollPayslip' [D:\Coding\dot_NET\UniManage\backend\src\03.Apps\UniManage.WebApi\UniManage.WebApi.csproj]
D:\Coding\dot_NET\UniManage\backend\src\03.Apps\UniManage.WebApi\Controllers\HumanResource\PositionsController.cs(87,39): error CS0117: 'CoreFunction' does not contain a definition for 'MsHumanResourcesPosition' [D:\Coding\dot_NET\UniManage\backend\src\03.Apps\UniManage.WebApi\UniManage.WebApi.csproj]
D:\Coding\dot_NET\UniManage\backend\src\03.Apps\UniManage.WebApi\Controllers\HumanResource\DepartmentsController.cs(87,39): error CS0117: 'CoreFunction' does not contain a definition for 'MsOrganizationDepartment' [D:\Coding\dot_NET\UniManage\backend\src\03.Apps\UniManage.WebApi\UniManage.WebApi.csproj]
D:\Coding\dot_NET\UniManage\backend\src\03.Apps\UniManage.WebApi\Controllers\HumanResource\SalariesController.cs(71,43): error CS0117: 'CoreFunction' does not contain a definition for 'HrPayrollPayslip' [D:\Coding\dot_NET\UniManage\backend\src\03.Apps\UniManage.WebApi\UniManage.WebApi.csproj]
D:\Coding\dot_NET\UniManage\backend\src\03.Apps\UniManage.WebApi\Controllers\HumanResource\PositionsController.cs(104,39): error CS0117: 'CoreFunction' does not contain a definition for 'MsHumanResourcesPosition' [D:\Coding\dot_NET\UniManage\backend\src\03.Apps\UniManage.WebApi\UniManage.WebApi.csproj]
D:\Coding\dot_NET\UniManage\backend\src\03.Apps\UniManage.WebApi\Controllers\HumanResource\DepartmentsController.cs(104,39): error CS0117: 'CoreFunction' does not contain a definition for 'MsOrganizationDepartment' [D:\Coding\dot_NET\UniManage\backend\src\03.Apps\UniManage.WebApi\UniManage.WebApi.csproj]
D:\Coding\dot_NET\UniManage\backend\src\03.Apps\UniManage.WebApi\Controllers\HumanResource\PositionsController.cs(122,39): error CS0117: 'CoreFunction' does not contain a definition for 'MsHumanResourcesPosition' [D:\Coding\dot_NET\UniManage\backend\src\03.Apps\UniManage.WebApi\UniManage.WebApi.csproj]
D:\Coding\dot_NET\UniManage\backend\src\03.Apps\UniManage.WebApi\Controllers\HumanResource\DepartmentsController.cs(122,39): error CS0117: 'CoreFunction' does not contain a definition for 'MsOrganizationDepartment' [D:\Coding\dot_NET\UniManage\backend\src\03.Apps\UniManage.WebApi\UniManage.WebApi.csproj]
D:\Coding\dot_NET\UniManage\backend\src\03.Apps\UniManage.WebApi\Controllers\HumanResource\SalariesController.cs(88,43): error CS0117: 'CoreFunction' does not contain a definition for 'HrPayrollPayslip' [D:\Coding\dot_NET\UniManage\backend\src\03.Apps\UniManage.WebApi\UniManage.WebApi.csproj]
D:\Coding\dot_NET\UniManage\backend\src\03.Apps\UniManage.WebApi\Controllers\Sales\OrdersController.cs(29,43): error CS0117: 'CoreFunction' does not contain a definition for 'SaSalesOrderSalesOrders' [D:\Coding\dot_NET\UniManage\backend\src\03.Apps\UniManage.WebApi\UniManage.WebApi.csproj]
D:\Coding\dot_NET\UniManage\backend\src\03.Apps\UniManage.WebApi\Controllers\Sales\OrdersController.cs(43,43): error CS0117: 'CoreFunction' does not contain a definition for 'SaSalesOrderSalesOrders' [D:\Coding\dot_NET\UniManage\backend\src\03.Apps\UniManage.WebApi\UniManage.WebApi.csproj]
D:\Coding\dot_NET\UniManage\backend\src\03.Apps\UniManage.WebApi\Controllers\Sales\OrdersController.cs(57,43): error CS0117: 'CoreFunction' does not contain a definition for 'SaSalesOrderSalesOrders' [D:\Coding\dot_NET\UniManage\backend\src\03.Apps\UniManage.WebApi\UniManage.WebApi.csproj]
D:\Coding\dot_NET\UniManage\backend\src\03.Apps\UniManage.WebApi\Controllers\Sales\OrdersController.cs(70,43): error CS0117: 'CoreFunction' does not contain a definition for 'SaSalesOrderSalesOrders' [D:\Coding\dot_NET\UniManage\backend\src\03.Apps\UniManage.WebApi\UniManage.WebApi.csproj]
D:\Coding\dot_NET\UniManage\backend\src\03.Apps\UniManage.WebApi\Controllers\Sales\OrdersController.cs(88,43): error CS0117: 'CoreFunction' does not contain a definition for 'SaSalesOrderSalesOrders' [D:\Coding\dot_NET\UniManage\backend\src\03.Apps\UniManage.WebApi\UniManage.WebApi.csproj]
    0 Warning(s)
    22 Error(s)

Time Elapsed 00:00:06.32
